                                      1 ;--------------------------------------------------------
                                      2 ; File Created by SDCC : free open source ISO C Compiler
                                      3 ; Version 4.5.12 #15786 (Linux)
                                      4 ;--------------------------------------------------------
                                      5 	.module hal_gpio
                                      6 	
                                      7 ;--------------------------------------------------------
                                      8 ; Public variables in this module
                                      9 ;--------------------------------------------------------
                                     10 	.globl _hal_gpio_init
                                     11 	.globl _hal_gpio_set_mode
                                     12 	.globl _hal_gpio_write
                                     13 	.globl _hal_gpio_read
                                     14 ;--------------------------------------------------------
                                     15 ; ram data
                                     16 ;--------------------------------------------------------
                                     17 	.area DATA
                                     18 ;--------------------------------------------------------
                                     19 ; ram data
                                     20 ;--------------------------------------------------------
                                     21 	.area INITIALIZED
                                     22 ;--------------------------------------------------------
                                     23 ; absolute external ram data
                                     24 ;--------------------------------------------------------
                                     25 	.area DABS (ABS)
                                     26 
                                     27 ; default segment ordering for linker
                                     28 	.area HOME
                                     29 	.area GSINIT
                                     30 	.area GSFINAL
                                     31 	.area CONST
                                     32 	.area INITIALIZER
                                     33 	.area CODE
                                     34 
                                     35 ;--------------------------------------------------------
                                     36 ; global & static initialisations
                                     37 ;--------------------------------------------------------
                                     38 	.area HOME
                                     39 	.area GSINIT
                                     40 	.area GSFINAL
                                     41 	.area GSINIT
                                     42 ;--------------------------------------------------------
                                     43 ; Home
                                     44 ;--------------------------------------------------------
                                     45 	.area HOME
                                     46 	.area HOME
                                     47 ;--------------------------------------------------------
                                     48 ; code
                                     49 ;--------------------------------------------------------
                                     50 	.area CODE
                                     51 ;	src/hal_gpio.c: 15: void hal_gpio_init(void) {
                                     52 ;	-----------------------------------------
                                     53 ;	 function hal_gpio_init
                                     54 ;	-----------------------------------------
      000000                         55 _hal_gpio_init:
                                     56 ;	src/hal_gpio.c: 17: }
      000000 81               [ 4]   57 	ret
                                     58 ;	src/hal_gpio.c: 18: void hal_gpio_set_mode(uint8_t port, uint8_t pin, uint8_t mode) {
                                     59 ;	-----------------------------------------
                                     60 ;	 function hal_gpio_set_mode
                                     61 ;	-----------------------------------------
      000001                         62 _hal_gpio_set_mode:
      000001 52 05            [ 2]   63 	sub	sp, #5
      000003 6B 05            [ 1]   64 	ld	(0x05, sp), a
                                     65 ;	src/hal_gpio.c: 19: uint8_t pin_mask = (uint8_t)(1 << pin);
      000005 A6 01            [ 1]   66 	ld	a, #0x01
      000007 88               [ 1]   67 	push	a
      000008 7B 09            [ 1]   68 	ld	a, (0x09, sp)
      00000A 27 05            [ 1]   69 	jreq	00114$
      00000C                         70 00113$:
      00000C 08 01            [ 1]   71 	sll	(1, sp)
      00000E 4A               [ 1]   72 	dec	a
      00000F 26 FB            [ 1]   73 	jrne	00113$
      000011                         74 00114$:
      000011 84               [ 1]   75 	pop	a
      000012 6B 01            [ 1]   76 	ld	(0x01, sp), a
                                     77 ;	src/hal_gpio.c: 22: if (mode & 0x10) {  // Output modes have bit 4 set
                                     78 ;	src/hal_gpio.c: 23: GPIO_DDR(port) |= pin_mask;
      000014 7B 05            [ 1]   79 	ld	a, (0x05, sp)
      000016 6B 04            [ 1]   80 	ld	(0x04, sp), a
      000018 0F 03            [ 1]   81 	clr	(0x03, sp)
                                     82 ;	src/hal_gpio.c: 25: GPIO_DDR(port) &= (uint8_t)~pin_mask;
      00001A 7B 01            [ 1]   83 	ld	a, (0x01, sp)
      00001C 43               [ 1]   84 	cpl	a
      00001D 6B 02            [ 1]   85 	ld	(0x02, sp), a
                                     86 ;	src/hal_gpio.c: 23: GPIO_DDR(port) |= pin_mask;
      00001F 1E 03            [ 2]   87 	ldw	x, (0x03, sp)
      000021 58               [ 2]   88 	sllw	x
      000022 58               [ 2]   89 	sllw	x
      000023 72 FB 03         [ 2]   90 	addw	x, (0x03, sp)
      000026 1F 03            [ 2]   91 	ldw	(0x03, sp), x
      000028 1C 50 02         [ 2]   92 	addw	x, #0x5002
      00002B F6               [ 1]   93 	ld	a, (x)
                                     94 ;	src/hal_gpio.c: 22: if (mode & 0x10) {  // Output modes have bit 4 set
      00002C 88               [ 1]   95 	push	a
      00002D 7B 0A            [ 1]   96 	ld	a, (0x0a, sp)
      00002F A5 10            [ 1]   97 	bcp	a, #0x10
      000031 84               [ 1]   98 	pop	a
      000032 27 05            [ 1]   99 	jreq	00102$
                                    100 ;	src/hal_gpio.c: 23: GPIO_DDR(port) |= pin_mask;
      000034 1A 01            [ 1]  101 	or	a, (0x01, sp)
      000036 F7               [ 1]  102 	ld	(x), a
      000037 20 03            [ 2]  103 	jra	00103$
      000039                        104 00102$:
                                    105 ;	src/hal_gpio.c: 25: GPIO_DDR(port) &= (uint8_t)~pin_mask;
      000039 14 02            [ 1]  106 	and	a, (0x02, sp)
      00003B F7               [ 1]  107 	ld	(x), a
      00003C                        108 00103$:
                                    109 ;	src/hal_gpio.c: 29: GPIO_CR1(port) &= (uint8_t)~pin_mask;
      00003C 1E 03            [ 2]  110 	ldw	x, (0x03, sp)
      00003E 1C 50 03         [ 2]  111 	addw	x, #0x5003
      000041 F6               [ 1]  112 	ld	a, (x)
      000042 14 02            [ 1]  113 	and	a, (0x02, sp)
      000044 F7               [ 1]  114 	ld	(x), a
                                    115 ;	src/hal_gpio.c: 30: GPIO_CR2(port) &= (uint8_t)~pin_mask;
      000045 16 03            [ 2]  116 	ldw	y, (0x03, sp)
      000047 72 A9 50 04      [ 2]  117 	addw	y, #0x5004
      00004B 90 F6            [ 1]  118 	ld	a, (y)
      00004D 14 02            [ 1]  119 	and	a, (0x02, sp)
      00004F 90 F7            [ 1]  120 	ld	(y), a
                                    121 ;	src/hal_gpio.c: 33: GPIO_CR1(port) |= (uint8_t)(mode & 0x01) << pin;
      000051 F6               [ 1]  122 	ld	a, (x)
      000052 6B 04            [ 1]  123 	ld	(0x04, sp), a
      000054 7B 09            [ 1]  124 	ld	a, (0x09, sp)
      000056 A4 01            [ 1]  125 	and	a, #0x01
      000058 88               [ 1]  126 	push	a
      000059 7B 09            [ 1]  127 	ld	a, (0x09, sp)
      00005B 27 05            [ 1]  128 	jreq	00117$
      00005D                        129 00116$:
      00005D 08 01            [ 1]  130 	sll	(1, sp)
      00005F 4A               [ 1]  131 	dec	a
      000060 26 FB            [ 1]  132 	jrne	00116$
      000062                        133 00117$:
      000062 84               [ 1]  134 	pop	a
      000063 1A 04            [ 1]  135 	or	a, (0x04, sp)
      000065 F7               [ 1]  136 	ld	(x), a
                                    137 ;	src/hal_gpio.c: 34: GPIO_CR2(port) |= (uint8_t)((mode >> 4) & 0x01) << pin;
      000066 90 F6            [ 1]  138 	ld	a, (y)
      000068 6B 04            [ 1]  139 	ld	(0x04, sp), a
      00006A 7B 09            [ 1]  140 	ld	a, (0x09, sp)
      00006C 44               [ 1]  141 	srl	a
      00006D 44               [ 1]  142 	srl	a
      00006E 44               [ 1]  143 	srl	a
      00006F 44               [ 1]  144 	srl	a
      000070 A4 01            [ 1]  145 	and	a, #0x01
      000072 88               [ 1]  146 	push	a
      000073 7B 09            [ 1]  147 	ld	a, (0x09, sp)
      000075 27 05            [ 1]  148 	jreq	00119$
      000077                        149 00118$:
      000077 08 01            [ 1]  150 	sll	(1, sp)
      000079 4A               [ 1]  151 	dec	a
      00007A 26 FB            [ 1]  152 	jrne	00118$
      00007C                        153 00119$:
      00007C 84               [ 1]  154 	pop	a
      00007D 1A 04            [ 1]  155 	or	a, (0x04, sp)
      00007F 90 F7            [ 1]  156 	ld	(y), a
                                    157 ;	src/hal_gpio.c: 35: }
      000081 1E 06            [ 2]  158 	ldw	x, (6, sp)
      000083 5B 09            [ 2]  159 	addw	sp, #9
      000085 FC               [ 2]  160 	jp	(x)
                                    161 ;	src/hal_gpio.c: 36: void hal_gpio_write(uint8_t port, uint8_t pin, uint8_t state) {
                                    162 ;	-----------------------------------------
                                    163 ;	 function hal_gpio_write
                                    164 ;	-----------------------------------------
      000086                        165 _hal_gpio_write:
      000086 88               [ 1]  166 	push	a
                                    167 ;	src/hal_gpio.c: 38: GPIO_ODR(port) |= (uint8_t)(1 << pin);
      000087 5F               [ 1]  168 	clrw	x
      000088 97               [ 1]  169 	ld	xl, a
      000089 A6 01            [ 1]  170 	ld	a, #0x01
      00008B 88               [ 1]  171 	push	a
      00008C 7B 05            [ 1]  172 	ld	a, (0x05, sp)
      00008E 27 05            [ 1]  173 	jreq	00114$
      000090                        174 00113$:
      000090 08 01            [ 1]  175 	sll	(1, sp)
      000092 4A               [ 1]  176 	dec	a
      000093 26 FB            [ 1]  177 	jrne	00113$
      000095                        178 00114$:
      000095 84               [ 1]  179 	pop	a
      000096 89               [ 2]  180 	pushw	x
      000097 58               [ 2]  181 	sllw	x
      000098 58               [ 2]  182 	sllw	x
      000099 72 FB 01         [ 2]  183 	addw	x, (1, sp)
      00009C 5B 02            [ 2]  184 	addw	sp, #2
      00009E 1C 50 00         [ 2]  185 	addw	x, #0x5000
      0000A1 88               [ 1]  186 	push	a
      0000A2 F6               [ 1]  187 	ld	a, (x)
      0000A3 6B 02            [ 1]  188 	ld	(0x02, sp), a
      0000A5 84               [ 1]  189 	pop	a
                                    190 ;	src/hal_gpio.c: 37: if (state) {
      0000A6 0D 05            [ 1]  191 	tnz	(0x05, sp)
      0000A8 27 05            [ 1]  192 	jreq	00102$
                                    193 ;	src/hal_gpio.c: 38: GPIO_ODR(port) |= (uint8_t)(1 << pin);
      0000AA 1A 01            [ 1]  194 	or	a, (0x01, sp)
      0000AC F7               [ 1]  195 	ld	(x), a
      0000AD 20 04            [ 2]  196 	jra	00104$
      0000AF                        197 00102$:
                                    198 ;	src/hal_gpio.c: 40: GPIO_ODR(port) &= (uint8_t)~(1 << pin);
      0000AF 43               [ 1]  199 	cpl	a
      0000B0 14 01            [ 1]  200 	and	a, (0x01, sp)
      0000B2 F7               [ 1]  201 	ld	(x), a
      0000B3                        202 00104$:
                                    203 ;	src/hal_gpio.c: 42: }
      0000B3 1E 02            [ 2]  204 	ldw	x, (2, sp)
      0000B5 5B 05            [ 2]  205 	addw	sp, #5
      0000B7 FC               [ 2]  206 	jp	(x)
                                    207 ;	src/hal_gpio.c: 43: uint8_t hal_gpio_read(uint8_t port, uint8_t pin) {
                                    208 ;	-----------------------------------------
                                    209 ;	 function hal_gpio_read
                                    210 ;	-----------------------------------------
      0000B8                        211 _hal_gpio_read:
                                    212 ;	src/hal_gpio.c: 44: return (GPIO_IDR(port) >> pin) & 0x01;
      0000B8 5F               [ 1]  213 	clrw	x
      0000B9 97               [ 1]  214 	ld	xl, a
      0000BA 89               [ 2]  215 	pushw	x
      0000BB 58               [ 2]  216 	sllw	x
      0000BC 58               [ 2]  217 	sllw	x
      0000BD 72 FB 01         [ 2]  218 	addw	x, (1, sp)
      0000C0 5B 02            [ 2]  219 	addw	sp, #2
      0000C2 1C 50 01         [ 2]  220 	addw	x, #0x5001
      0000C5 F6               [ 1]  221 	ld	a, (x)
      0000C6 88               [ 1]  222 	push	a
      0000C7 7B 04            [ 1]  223 	ld	a, (0x04, sp)
      0000C9 27 05            [ 1]  224 	jreq	00104$
      0000CB                        225 00103$:
      0000CB 04 01            [ 1]  226 	srl	(1, sp)
      0000CD 4A               [ 1]  227 	dec	a
      0000CE 26 FB            [ 1]  228 	jrne	00103$
      0000D0                        229 00104$:
      0000D0 84               [ 1]  230 	pop	a
      0000D1 A4 01            [ 1]  231 	and	a, #0x01
                                    232 ;	src/hal_gpio.c: 45: }
      0000D3 85               [ 2]  233 	popw	x
      0000D4 5B 01            [ 2]  234 	addw	sp, #1
      0000D6 FC               [ 2]  235 	jp	(x)
                                    236 	.area CODE
                                    237 	.area CONST
                                    238 	.area INITIALIZER
                                    239 	.area CABS (ABS)
