                                      1 ;--------------------------------------------------------
                                      2 ; File Created by SDCC : free open source ISO C Compiler
                                      3 ; Version 4.5.12 #15786 (Linux)
                                      4 ;--------------------------------------------------------
                                      5 	.module main
                                      6 	
                                      7 ;--------------------------------------------------------
                                      8 ; Public variables in this module
                                      9 ;--------------------------------------------------------
                                     10 	.globl _main
                                     11 	.globl _delay_ms
                                     12 	.globl _led_toggle
                                     13 	.globl _led_init
                                     14 	.globl _hal_gpio_init
                                     15 ;--------------------------------------------------------
                                     16 ; ram data
                                     17 ;--------------------------------------------------------
                                     18 	.area DATA
                                     19 ;--------------------------------------------------------
                                     20 ; ram data
                                     21 ;--------------------------------------------------------
                                     22 	.area INITIALIZED
                                     23 ;--------------------------------------------------------
                                     24 ; Stack segment in internal ram
                                     25 ;--------------------------------------------------------
                                     26 	.area SSEG
      000000                         27 __start__stack:
      000000                         28 	.ds	1
                                     29 
                                     30 ;--------------------------------------------------------
                                     31 ; absolute external ram data
                                     32 ;--------------------------------------------------------
                                     33 	.area DABS (ABS)
                                     34 
                                     35 ; default segment ordering for linker
                                     36 	.area HOME
                                     37 	.area GSINIT
                                     38 	.area GSFINAL
                                     39 	.area CONST
                                     40 	.area INITIALIZER
                                     41 	.area CODE
                                     42 
                                     43 ;--------------------------------------------------------
                                     44 ; interrupt vector
                                     45 ;--------------------------------------------------------
                                     46 	.area HOME
      000000                         47 __interrupt_vect:
      000000 82v00u00u00             48 	int s_GSINIT ; reset
                                     49 ;--------------------------------------------------------
                                     50 ; global & static initialisations
                                     51 ;--------------------------------------------------------
                                     52 	.area HOME
                                     53 	.area GSINIT
                                     54 	.area GSFINAL
                                     55 	.area GSINIT
      000000 CDr00r00         [ 4]   56 	call	___sdcc_external_startup
      000003 4D               [ 1]   57 	tnz	a
      000004 27 03            [ 1]   58 	jreq	__sdcc_init_data
      000006 CCr00r04         [ 2]   59 	jp	__sdcc_program_startup
      000009                         60 __sdcc_init_data:
                                     61 ; stm8_genXINIT() start
      000009 AEr00r00         [ 2]   62 	ldw x, #l_DATA
      00000C 27 07            [ 1]   63 	jreq	00002$
      00000E                         64 00001$:
      00000E 72 4FuFFuFF      [ 1]   65 	clr (s_DATA - 1, x)
      000012 5A               [ 2]   66 	decw x
      000013 26 F9            [ 1]   67 	jrne	00001$
      000015                         68 00002$:
      000015 AEr00r00         [ 2]   69 	ldw	x, #l_INITIALIZER
      000018 27 09            [ 1]   70 	jreq	00004$
      00001A                         71 00003$:
      00001A D6uFFuFF         [ 1]   72 	ld	a, (s_INITIALIZER - 1, x)
      00001D D7uFFuFF         [ 1]   73 	ld	(s_INITIALIZED - 1, x), a
      000020 5A               [ 2]   74 	decw	x
      000021 26 F7            [ 1]   75 	jrne	00003$
      000023                         76 00004$:
                                     77 ; stm8_genXINIT() end
                                     78 	.area GSFINAL
      000000 CCr00r04         [ 2]   79 	jp	__sdcc_program_startup
                                     80 ;--------------------------------------------------------
                                     81 ; Home
                                     82 ;--------------------------------------------------------
                                     83 	.area HOME
                                     84 	.area HOME
      000004                         85 __sdcc_program_startup:
      000004 CCr00r29         [ 2]   86 	jp	_main
                                     87 ;	return from main will return to caller
                                     88 ;--------------------------------------------------------
                                     89 ; code
                                     90 ;--------------------------------------------------------
                                     91 	.area CODE
                                     92 ;	main.c: 5: void delay_ms(uint16_t ms) {
                                     93 ;	-----------------------------------------
                                     94 ;	 function delay_ms
                                     95 ;	-----------------------------------------
      000000                         96 _delay_ms:
      000000 52 06            [ 2]   97 	sub	sp, #6
      000002 1F 05            [ 2]   98 	ldw	(0x05, sp), x
                                     99 ;	main.c: 7: for (i = 0; i < ms; i++) {
      000004 5F               [ 1]  100 	clrw	x
      000005 1F 01            [ 2]  101 	ldw	(0x01, sp), x
      000007                        102 00107$:
      000007 1E 01            [ 2]  103 	ldw	x, (0x01, sp)
      000009 13 05            [ 2]  104 	cpw	x, (0x05, sp)
      00000B 24 19            [ 1]  105 	jrnc	00109$
                                    106 ;	main.c: 8: for (j = 0; j < 1600; j++) {  // Approximate 1ms at 16MHz
      00000D 5F               [ 1]  107 	clrw	x
      00000E 1F 03            [ 2]  108 	ldw	(0x03, sp), x
      000010                        109 00104$:
      000010 1E 03            [ 2]  110 	ldw	x, (0x03, sp)
      000012 A3 06 40         [ 2]  111 	cpw	x, #0x0640
      000015 24 08            [ 1]  112 	jrnc	00108$
                                    113 ;	main.c: 9: __asm__("nop");
      000017 9D               [ 1]  114 	nop
                                    115 ;	main.c: 8: for (j = 0; j < 1600; j++) {  // Approximate 1ms at 16MHz
      000018 1E 03            [ 2]  116 	ldw	x, (0x03, sp)
      00001A 5C               [ 1]  117 	incw	x
      00001B 1F 03            [ 2]  118 	ldw	(0x03, sp), x
      00001D 20 F1            [ 2]  119 	jra	00104$
      00001F                        120 00108$:
                                    121 ;	main.c: 7: for (i = 0; i < ms; i++) {
      00001F 1E 01            [ 2]  122 	ldw	x, (0x01, sp)
      000021 5C               [ 1]  123 	incw	x
      000022 1F 01            [ 2]  124 	ldw	(0x01, sp), x
      000024 20 E1            [ 2]  125 	jra	00107$
      000026                        126 00109$:
                                    127 ;	main.c: 12: }
      000026 5B 06            [ 2]  128 	addw	sp, #6
      000028 81               [ 4]  129 	ret
                                    130 ;	main.c: 13: int main(void) {
                                    131 ;	-----------------------------------------
                                    132 ;	 function main
                                    133 ;	-----------------------------------------
      000029                        134 _main:
                                    135 ;	main.c: 15: hal_gpio_init();
      000029 CDr00r00         [ 4]  136 	call	_hal_gpio_init
                                    137 ;	main.c: 16: led_init();
      00002C CDr00r00         [ 4]  138 	call	_led_init
                                    139 ;	main.c: 19: while (1) {
      00002F                        140 00102$:
                                    141 ;	main.c: 20: led_toggle();
      00002F CDr00r00         [ 4]  142 	call	_led_toggle
                                    143 ;	main.c: 21: delay_ms(1000);
      000032 AE 03 E8         [ 2]  144 	ldw	x, #0x03e8
      000035 CDr00r00         [ 4]  145 	call	_delay_ms
      000038 20 F5            [ 2]  146 	jra	00102$
                                    147 ;	main.c: 24: return 0;
                                    148 ;	main.c: 25: }
      00003A 81               [ 4]  149 	ret
                                    150 	.area CODE
                                    151 	.area CONST
                                    152 	.area INITIALIZER
                                    153 	.area CABS (ABS)
